############ 0. de qué versión se parte
  ❯ flipchart@flipchart
    Version: 0.1.0
 47M

############ 1. el catálogo, refrescado
Saving marketplace to cache
✔ Successfully updated marketplace: flipchart
"version": "0.1.1"

############ 2. el update
Checking for updates for plugin "flipchart@flipchart" at user scope…
✔ Plugin "flipchart" updated from 0.1.0 to 0.1.1 for scope user. Restart to apply changes.

real	0m2.233s
user	0m1.031s
sys	0m0.171s

############ 3. lo que queda en la caché
  0.1.0
  0.1.1
 94M

############ 4. el binario nuevo, y si habla
  modo=-rwxr-xr-x bytes=49215664
  xattr: com.apple.provenance: 
  handshake: {"jsonrpc":"2.0","id":1,"result":{"protocolVersion":"2025-06-18","capabilities":{"tools":{}},"serverInfo":{"name":"flipchart","version":"0.1.1"}}}
